// Jest Snapshot v1, https://goo.gl/fbAQLP

exports[`SongBarEntry component render basic snapshot 1`] = `
<div
  className="player-songbar-upper-to-play"
  onClick={[Function]}
  onPointerOver={[Function]}
  style={
    Object {
      "height": 35,
    }
  }
/>
`;
